Microchip MPLAB XC8 Compiler V2.05 ()

Linker command line:

-W-3 --edf=/opt/microchip/xc8/v2.05/pic/dat/en_msgs.txt -cs \
  -h+dist/default/production/zadanie_2.X.production.sym \
  --cmf=dist/default/production/zadanie_2.X.production.cmf -z -Q18F4620 \
  -o/tmp/xcXVXprhi --defsym=__MPLAB_BUILD=1 \
  -Mdist/default/production/zadanie_2.X.production.map -E1 -ver=XC8 \
  --acfsm=1493 -ASTACK=080h-0F7Fh -pstack=STACK -ACODE=00h-0FFFFh \
  -ACONST=00h-0FFFFh -ASMALLCONST=01000h-010FFhx240 \
  -AMEDIUMCONST=01000h-0FFFFh -ACOMRAM=01h-07Fh -AABS1=00h-0F7Fh \
  -ABIGRAM=01h-0F7Fh -ARAM=080h-0FFh,0100h-01FFhx14,0F00h-0F7Fh \
  -ABANK0=080h-0FFh -ABANK1=0100h-01FFh -ABANK2=0200h-02FFh \
  -ABANK3=0300h-03FFh -ABANK4=0400h-04FFh -ABANK5=0500h-05FFh \
  -ABANK6=0600h-06FFh -ABANK7=0700h-07FFh -ABANK8=0800h-08FFh \
  -ABANK9=0900h-09FFh -ABANK10=0A00h-0AFFh -ABANK11=0B00h-0BFFh \
  -ABANK12=0C00h-0CFFh -ABANK13=0D00h-0DFFh -ABANK14=0E00h-0EFFh \
  -ABANK15=0F00h-0F7Fh -ASFR=0F80h-0FFFh \
  -preset_vec=00h,intcode,intcodelo,powerup,init -pramtop=01000h \
  -psmallconst=SMALLCONST -pmediumconst=MEDIUMCONST -pconst=CONST \
  -AFARRAM=00h-00h -ACONFIG=0300000h-030000Dh -pconfig=CONFIG \
  -AIDLOC=0200000h-0200007h -pidloc=IDLOC -AEEDATA=0F00000h-0F003FFh \
  -peeprom_data=EEDATA \
  -prdata=COMRAM,nvrram=COMRAM,nvbit=COMRAM,rbss=COMRAM,rbit=COMRAM \
  -pfarbss=FARRAM,fardata=FARRAM,nvFARRAM=FARRAM \
  -pintsave_regs=BIGRAM,bigbss=BIGRAM,bigdata=BIGRAM -pbss=RAM \
  -pidata=CODE,irdata=CODE,ibigdata=CODE,ifardata=CODE -prparam=COMRAM \
  /tmp/xcX8laS28.o dist/default/production/zadanie_2.X.production.o 

Object code version is 3.11

Machine type is 18F4620

Call graph: (short form)




                Name                               Link     Load   Length Selector   Space Scale
/tmp/xcX8laS28.o
                init                                  0        0        4        0       0
                idloc                            200000   200000        8   200000       0
                config                           300000   300000        E   300000       0
dist/default/production/zadanie_2.X.production.o
                text9                              FEEE     FEEE       84     7F77       0
                text8                              FE7E     FE7E       70     7F3F       0
                text7                              FD5C     FD5C       52     7EAE       0
                text6                              FDAE     FDAE       68     7ED7       0
                text5                              FCDE     FCDE       32     7E6F       0
                text4                              FF72     FF72       8E     7FB9       0
                text3                              FCB8     FCB8       26     7E5C       0
                text2                              FE16     FE16       68     7F0B       0
                text1                              FCA2     FCA2       16     7E51       0
                text0                              FD10     FD10       4C     7E88       0
                cstackCOMRAM                          1        1       18        1       1
                cinit                              FC98     FC98        A     7E4C       0

TOTAL           Name                               Link     Load   Length     Space
        CLASS   STACK          

        CLASS   CODE           
                init                                  0        0        4         0
                text9                              FEEE     FEEE       84         0
                text8                              FE7E     FE7E       70         0
                text7                              FD5C     FD5C       52         0
                text6                              FDAE     FDAE       68         0
                text5                              FCDE     FCDE       32         0
                text4                              FF72     FF72       8E         0
                text3                              FCB8     FCB8       26         0
                text2                              FE16     FE16       68         0
                text1                              FCA2     FCA2       16         0
                text0                              FD10     FD10       4C         0
                cinit                              FC98     FC98        A         0

        CLASS   CONST          

        CLASS   SMALLCONST     

        CLASS   MEDIUMCONST    

        CLASS   COMRAM         
                cstackCOMRAM                          1        1       18         1

        CLASS   ABS1           

        CLASS   BIGRAM         

        CLASS   RAM            

        CLASS   BANK0          

        CLASS   BANK1          

        CLASS   BANK2          

        CLASS   BANK3          

        CLASS   BANK4          

        CLASS   BANK5          

        CLASS   BANK6          

        CLASS   BANK7          

        CLASS   BANK8          

        CLASS   BANK9          

        CLASS   BANK10         

        CLASS   BANK11         

        CLASS   BANK12         

        CLASS   BANK13         

        CLASS   BANK14         

        CLASS   BANK15         

        CLASS   SFR            

        CLASS   FARRAM         

        CLASS   CONFIG         
                config                           300000   300000        E         0

        CLASS   IDLOC          
                idloc                            200000   200000        8         0

        CLASS   EEDATA         



SEGMENTS        Name                           Load    Length   Top    Selector   Space  Class

                reset_vec                      000000  000004  000004         0       0  CODE    
                cstackCOMRAM                   000001  000018  000019         1       1  COMRAM  
                cinit                          00FC98  00000A  00FCA2      7E4C       0  CODE    
                text1                          00FCA2  000016  00FCB8      7E51       0  CODE    
                text3                          00FCB8  000026  00FCDE      7E5C       0  CODE    
                text5                          00FCDE  000032  00FD10      7E6F       0  CODE    
                text0                          00FD10  00004C  00FD5C      7E88       0  CODE    
                text7                          00FD5C  000052  00FDAE      7EAE       0  CODE    
                text6                          00FDAE  000068  00FE16      7ED7       0  CODE    
                text2                          00FE16  000068  00FE7E      7F0B       0  CODE    
                text8                          00FE7E  000070  00FEEE      7F3F       0  CODE    
                text9                          00FEEE  000084  00FF72      7F77       0  CODE    
                text4                          00FF72  00008E  010000      7FB9       0  CODE    
                idloc                          200000  000008  200008    200000       0  IDLOC   
                config                         300000  00000E  30000E    300000       0  CONFIG  


UNUSED ADDRESS RANGES

        Name                Unused          Largest block    Delta
        BANK0            000080-0000FF               80
        BANK1            000100-0001FF              100
        BANK10           000A00-000AFF              100
        BANK11           000B00-000BFF              100
        BANK12           000C00-000CFF              100
        BANK13           000D00-000DFF              100
        BANK14           000E00-000EFF              100
        BANK15           000F00-000F7F               80
        BANK2            000200-0002FF              100
        BANK3            000300-0003FF              100
        BANK4            000400-0004FF              100
        BANK5            000500-0005FF              100
        BANK6            000600-0006FF              100
        BANK7            000700-0007FF              100
        BANK8            000800-0008FF              100
        BANK9            000900-0009FF              100
        BIGRAM           000019-000F7F              F67
        CODE             000004-00FC97             FC94
        COMRAM           000019-00007F               67
        CONST            000004-00FC97             FC94
        EEDATA           F00000-F003FF              400
        MEDIUMCONST      001000-00FC97             EC98
        RAM              000080-000F7F              100
        SFR              000F80-000FFF               80
        SMALLCONST       001000-00FC97              100
        STACK            000080-000F7F              F00

                                  Symbol Table

?___awdiv                cstackCOMRAM 000001
?___awmod                cstackCOMRAM 000001
?___lwdiv                cstackCOMRAM 000008
?___wmul                 cstackCOMRAM 000001
?_adc                    cstackCOMRAM 000001
_ADCON0                  (abs)        000FC2
_ADCON0bits              (abs)        000FC2
_ADCON1                  (abs)        000FC1
_ADCON2                  (abs)        000FC0
_ADRESH                  (abs)        000FC4
_ADRESL                  (abs)        000FC3
_PORTBbits               (abs)        000F81
_PORTD                   (abs)        000F83
_TRISA                   (abs)        000F92
_TRISB                   (abs)        000F93
_TRISC                   (abs)        000F94
_TRISD                   (abs)        000F95
_TRISE                   (abs)        000F96
__CFG_BOREN$OFF          (abs)        000000
__CFG_BORV$3             (abs)        000000
__CFG_CCP2MX$PORTC       (abs)        000000
__CFG_CP0$OFF            (abs)        000000
__CFG_CP1$OFF            (abs)        000000
__CFG_CP2$OFF            (abs)        000000
__CFG_CP3$OFF            (abs)        000000
__CFG_CPB$OFF            (abs)        000000
__CFG_CPD$OFF            (abs)        000000
__CFG_EBTR0$OFF          (abs)        000000
__CFG_EBTR1$OFF          (abs)        000000
__CFG_EBTR2$OFF          (abs)        000000
__CFG_EBTR3$OFF          (abs)        000000
__CFG_EBTRB$OFF          (abs)        000000
__CFG_FCMEN$OFF          (abs)        000000
__CFG_IESO$OFF           (abs)        000000
__CFG_LPT1OSC$OFF        (abs)        000000
__CFG_LVP$OFF            (abs)        000000
__CFG_MCLRE$ON           (abs)        000000
__CFG_OSC$HSPLL          (abs)        000000
__CFG_PBADEN$OFF         (abs)        000000
__CFG_PWRT$ON            (abs)        000000
__CFG_STVREN$OFF         (abs)        000000
__CFG_WDT$OFF            (abs)        000000
__CFG_WDTPS$32768        (abs)        000000
__CFG_WRT0$OFF           (abs)        000000
__CFG_WRT1$OFF           (abs)        000000
__CFG_WRT2$OFF           (abs)        000000
__CFG_WRT3$OFF           (abs)        000000
__CFG_WRTB$OFF           (abs)        000000
__CFG_WRTC$OFF           (abs)        000000
__CFG_WRTD$OFF           (abs)        000000
__CFG_XINST$OFF          (abs)        000000
__HRAM                   (abs)        000000
__Habs1                  abs1         000000
__Hbank0                 bank0        000000
__Hbank1                 bank1        000000
__Hbank10                bank10       000000
__Hbank11                bank11       000000
__Hbank12                bank12       000000
__Hbank13                bank13       000000
__Hbank14                bank14       000000
__Hbank15                bank15       000000
__Hbank2                 bank2        000000
__Hbank3                 bank3        000000
__Hbank4                 bank4        000000
__Hbank5                 bank5        000000
__Hbank6                 bank6        000000
__Hbank7                 bank7        000000
__Hbank8                 bank8        000000
__Hbank9                 bank9        000000
__Hbigbss                bigbss       000000
__Hbigdata               bigdata      000000
__Hbigram                bigram       000000
__Hbss                   bss          000000
__Hcinit                 cinit        000000
__Hclrtext               clrtext      000000
__Hcomram                comram       000000
__Hconfig                config       30000E
__Hconst                 const        000000
__HcstackCOMRAM          cstackCOMRAM 000000
__Hdata                  data         000000
__Heeprom_data           eeprom_data  000000
__Hfarbss                farbss       000000
__Hfardata               fardata      000000
__Hibigdata              ibigdata     000000
__Hidata                 idata        000000
__Hidloc                 idloc        200008
__Hifardata              ifardata     000000
__Hinit                  init         000004
__Hintcode               intcode      000000
__Hintcode_body          intcode_body 000000
__Hintcodelo             intcodelo    000000
__Hintentry              intentry     000000
__Hintret                intret       000000
__Hintsave_regs          intsave_regs 000000
__Hirdata                irdata       000000
__Hmediumconst           mediumconst  000000
__HnvFARRAM              nvFARRAM     000000
__Hnvbit                 nvbit        000000
__Hnvrram                nvrram       000000
__Hparam                 rparam       000000
__Hpowerup               powerup      000000
__Hram                   ram          000000
__Hramtop                ramtop       001000
__Hrbit                  rbit         000000
__Hrbss                  rbss         000000
__Hrdata                 rdata        000000
__Hreset_vec             reset_vec    000000
__Hrparam                rparam       000000
__Hsfr                   sfr          000000
__Hsmallconst            smallconst   000000
__Hspace_0               (abs)        30000E
__Hspace_1               (abs)        000019
__Hspace_2               (abs)        000000
__Hstack                 stack        000000
__Hstruct                struct       000000
__Htemp                  temp         000000
__Htext                  text         000000
__Htext0                 text0        000000
__Htext1                 text1        000000
__Htext2                 text2        000000
__Htext3                 text3        000000
__Htext4                 text4        000000
__Htext5                 text5        000000
__Htext6                 text6        000000
__Htext7                 text7        000000
__Htext8                 text8        000000
__Htext9                 text9        000000
__LRAM                   (abs)        000001
__Labs1                  abs1         000000
__Lbank0                 bank0        000000
__Lbank1                 bank1        000000
__Lbank10                bank10       000000
__Lbank11                bank11       000000
__Lbank12                bank12       000000
__Lbank13                bank13       000000
__Lbank14                bank14       000000
__Lbank15                bank15       000000
__Lbank2                 bank2        000000
__Lbank3                 bank3        000000
__Lbank4                 bank4        000000
__Lbank5                 bank5        000000
__Lbank6                 bank6        000000
__Lbank7                 bank7        000000
__Lbank8                 bank8        000000
__Lbank9                 bank9        000000
__Lbigbss                bigbss       000000
__Lbigdata               bigdata      000000
__Lbigram                bigram       000000
__Lbss                   bss          000000
__Lcinit                 cinit        000000
__Lclrtext               clrtext      000000
__Lcomram                comram       000000
__Lconfig                config       300000
__Lconst                 const        000000
__LcstackCOMRAM          cstackCOMRAM 000000
__Ldata                  data         000000
__Leeprom_data           eeprom_data  000000
__Lfarbss                farbss       000000
__Lfardata               fardata      000000
__Libigdata              ibigdata     000000
__Lidata                 idata        000000
__Lidloc                 idloc        200000
__Lifardata              ifardata     000000
__Linit                  init         000000
__Lintcode               intcode      000000
__Lintcode_body          intcode_body 000000
__Lintcodelo             intcodelo    000000
__Lintentry              intentry     000000
__Lintret                intret       000000
__Lintsave_regs          intsave_regs 000000
__Lirdata                irdata       000000
__Lmediumconst           mediumconst  000000
__LnvFARRAM              nvFARRAM     000000
__Lnvbit                 nvbit        000000
__Lnvrram                nvrram       000000
__Lparam                 rparam       000000
__Lpowerup               powerup      000000
__Lram                   ram          000000
__Lramtop                ramtop       001000
__Lrbit                  rbit         000000
__Lrbss                  rbss         000000
__Lrdata                 rdata        000000
__Lreset_vec             reset_vec    000000
__Lrparam                rparam       000000
__Lsfr                   sfr          000000
__Lsmallconst            smallconst   000000
__Lspace_0               (abs)        000000
__Lspace_1               (abs)        000000
__Lspace_2               (abs)        000000
__Lstack                 stack        000000
__Lstruct                struct       000000
__Ltemp                  temp         000000
__Ltext                  text         000000
__Ltext0                 text0        000000
__Ltext1                 text1        000000
__Ltext2                 text2        000000
__Ltext3                 text3        000000
__Ltext4                 text4        000000
__Ltext5                 text5        000000
__Ltext6                 text6        000000
__Ltext7                 text7        000000
__Ltext8                 text8        000000
__Ltext9                 text9        000000
__S0                     (abs)        30000E
__S1                     (abs)        000019
__S2                     (abs)        000000
___awdiv                 text9        00FEEE
___awdiv@counter         cstackCOMRAM 000005
___awdiv@dividend        cstackCOMRAM 000001
___awdiv@divisor         cstackCOMRAM 000003
___awdiv@quotient        cstackCOMRAM 000007
___awdiv@sign            cstackCOMRAM 000006
___awmod                 text8        00FE7E
___awmod@counter         cstackCOMRAM 000005
___awmod@dividend        cstackCOMRAM 000001
___awmod@divisor         cstackCOMRAM 000003
___awmod@sign            cstackCOMRAM 000006
___inthi_sp              stack        000000
___intlo_sp              stack        000000
___lwdiv                 text7        00FD5C
___lwdiv@counter         cstackCOMRAM 00000E
___lwdiv@dividend        cstackCOMRAM 000008
___lwdiv@divisor         cstackCOMRAM 00000A
___lwdiv@quotient        cstackCOMRAM 00000C
___param_bank            (abs)        000000
___rparam_used           (abs)        000001
___sp                    stack        000000
___wmul                  text3        00FCB8
___wmul@multiplicand     cstackCOMRAM 000003
___wmul@multiplier       cstackCOMRAM 000001
___wmul@product          cstackCOMRAM 000005
__accesstop              (abs)        000080
__activetblptr           (abs)        000002
__end_of___awdiv         text9        00FF72
__end_of___awmod         text8        00FEEE
__end_of___lwdiv         text7        00FDAE
__end_of___wmul          text3        00FCDE
__end_of__initialization cinit        00FC98
__end_of_adc             text6        00FE16
__end_of_bcdU            text4        010000
__end_of_delay           text5        00FD10
__end_of_greyU           text2        00FE7E
__end_of_main            text0        00FD5C
__end_of_setup           text1        00FCB8
__initialization         cinit        00FC98
__mediumconst            mediumconst  000000
__pcinit                 cinit        00FC98
__pcstackCOMRAM          cstackCOMRAM 000001
__ptext0                 text0        00FD10
__ptext1                 text1        00FCA2
__ptext2                 text2        00FE16
__ptext3                 text3        00FCB8
__ptext4                 text4        00FF72
__ptext5                 text5        00FCDE
__ptext6                 text6        00FDAE
__ptext7                 text7        00FD5C
__ptext8                 text8        00FE7E
__ptext9                 text9        00FEEE
__ramtop                 ramtop       001000
__size_of___awdiv        (abs)        000000
__size_of___awmod        (abs)        000000
__size_of___lwdiv        (abs)        000000
__size_of___wmul         (abs)        000000
__size_of_adc            (abs)        000000
__size_of_bcdU           (abs)        000000
__size_of_delay          (abs)        000000
__size_of_greyU          (abs)        000000
__size_of_main           (abs)        000000
__size_of_setup          (abs)        000000
__smallconst             smallconst   000000
_adc                     text6        00FDAE
_bcdU                    text4        00FF72
_delay                   text5        00FCDE
_greyU                   text2        00FE16
_main                    text0        00FD10
_setup                   text1        00FCA2
adc@kanal                cstackCOMRAM 000007
bcdU@del                 cstackCOMRAM 000013
bcdU@display             cstackCOMRAM 000015
bcdU@licznik             cstackCOMRAM 000016
bcdU@tmp                 cstackCOMRAM 000011
delay@i                  cstackCOMRAM 000003
delay@j                  cstackCOMRAM 000005
delay@ms                 cstackCOMRAM 000001
end_of_initialization    cinit        00FC98
greyU@del                cstackCOMRAM 000011
greyU@display            cstackCOMRAM 000013
greyU@licznik            cstackCOMRAM 000014
greyU@tmp                cstackCOMRAM 00000F
intlevel0                text         000000
intlevel1                text         000000
intlevel2                text         000000
intlevel3                text         000000
main@button              cstackCOMRAM 000018
setup@input              cstackCOMRAM 000017
stackhi                  (abs)        000F7F
stacklo                  (abs)        000080
start                    init         000000
start_initialization     cinit        00FC98


FUNCTION INFORMATION:

 *************** function _main *****************
 Defined at:
		line 148 in file "main.c"
 Parameters:    Size  Location     Type
		None
 Auto vars:     Size  Location     Type
  button          1   23[COMRAM] unsigned char 
 Return value:  Size  Location     Type
                  1    wreg      void 
 Registers used:
		wreg, status,2, status,0, prodl, prodh, cstack
 Tracked objects:
		On entry : 
		On exit  : 
		Unchanged: 
 Data sizes:     COMRAM   BANK0   BANK1   BANK2   BANK3   BANK4   BANK5   BANK6   BANK7   BANK8   BANK9  BANK10  BANK11  BANK12  BANK13  BANK14  BANK15
      Params:         0       0       0       0       0       0       0       0       0       0       0       0       0       0       0       0       0
      Locals:         1       0       0       0       0       0       0       0       0       0       0       0       0       0       0       0       0
      Temps:          0       0       0       0       0       0       0       0       0       0       0       0       0       0       0       0       0
      Totals:         1       0       0       0       0       0       0       0       0       0       0       0       0       0       0       0       0
Total ram usage:        1 bytes
 Hardware stack levels required when called:    3
 This function calls:
		_setup
 This function is called by:
		Startup code after reset
 This function uses a non-reentrant model


 *************** function _setup *****************
 Defined at:
		line 141 in file "main.c"
 Parameters:    Size  Location     Type
  input           1    wreg     unsigned char 
 Auto vars:     Size  Location     Type
  input           1   22[COMRAM] unsigned char 
 Return value:  Size  Location     Type
                  1    wreg      void 
 Registers used:
		wreg, status,2, status,0, prodl, prodh, cstack
 Tracked objects:
		On entry : 
		On exit  : 
		Unchanged: 
 Data sizes:     COMRAM   BANK0   BANK1   BANK2   BANK3   BANK4   BANK5   BANK6   BANK7   BANK8   BANK9  BANK10  BANK11  BANK12  BANK13  BANK14  BANK15
      Params:         0       0       0       0       0       0       0       0       0       0       0       0       0       0       0       0       0
      Locals:         1       0       0       0       0       0       0       0       0       0       0       0       0       0       0       0       0
      Temps:          0       0       0       0       0       0       0       0       0       0       0       0       0       0       0       0       0
      Totals:         1       0       0       0       0       0       0       0       0       0       0       0       0       0       0       0       0
Total ram usage:        1 bytes
 Hardware stack levels used:    1
 Hardware stack levels required when called:    2
 This function calls:
		_bcdU
		_greyU
 This function is called by:
		_main
 This function uses a non-reentrant model


 *************** function _greyU *****************
 Defined at:
		line 91 in file "main.c"
 Parameters:    Size  Location     Type
		None
 Auto vars:     Size  Location     Type
  del             2   16[COMRAM] unsigned int 
  tmp             2   14[COMRAM] unsigned int 
  licznik         1   19[COMRAM] unsigned char 
  display         1   18[COMRAM] unsigned char 
 Return value:  Size  Location     Type
                  1    wreg      void 
 Registers used:
		wreg, status,2, status,0, prodl, prodh, cstack
 Tracked objects:
		On entry : 
		On exit  : 
		Unchanged: 
 Data sizes:     COMRAM   BANK0   BANK1   BANK2   BANK3   BANK4   BANK5   BANK6   BANK7   BANK8   BANK9  BANK10  BANK11  BANK12  BANK13  BANK14  BANK15
      Params:         0       0       0       0       0       0       0       0       0       0       0       0       0       0       0       0       0
      Locals:         6       0       0       0       0       0       0       0       0       0       0       0       0       0       0       0       0
      Temps:          0       0       0       0       0       0       0       0       0       0       0       0       0       0       0       0       0
      Totals:         6       0       0       0       0       0       0       0       0       0       0       0       0       0       0       0       0
Total ram usage:        6 bytes
 Hardware stack levels used:    1
 Hardware stack levels required when called:    1
 This function calls:
		___lwdiv
		___wmul
		_adc
		_delay
 This function is called by:
		_setup
 This function uses a non-reentrant model


 *************** function ___wmul *****************
 Defined at:
		line 15 in file "/opt/microchip/xc8/v2.05/pic/sources/c99/common/Umul16.c"
 Parameters:    Size  Location     Type
  multiplier      2    0[COMRAM] unsigned int 
  multiplicand    2    2[COMRAM] unsigned int 
 Auto vars:     Size  Location     Type
  product         2    4[COMRAM] unsigned int 
 Return value:  Size  Location     Type
                  2    0[COMRAM] unsigned int 
 Registers used:
		wreg, status,2, status,0, prodl, prodh
 Tracked objects:
		On entry : 
		On exit  : 
		Unchanged: 
 Data sizes:     COMRAM   BANK0   BANK1   BANK2   BANK3   BANK4   BANK5   BANK6   BANK7   BANK8   BANK9  BANK10  BANK11  BANK12  BANK13  BANK14  BANK15
      Params:         4       0       0       0       0       0       0       0       0       0       0       0       0       0       0       0       0
      Locals:         2       0       0       0       0       0       0       0       0       0       0       0       0       0       0       0       0
      Temps:          0       0       0       0       0       0       0       0       0       0       0       0       0       0       0       0       0
      Totals:         6       0       0       0       0       0       0       0       0       0       0       0       0       0       0       0       0
Total ram usage:        6 bytes
 Hardware stack levels used:    1
 This function calls:
		Nothing
 This function is called by:
		_greyU
 This function uses a non-reentrant model


 *************** function _bcdU *****************
 Defined at:
		line 115 in file "main.c"
 Parameters:    Size  Location     Type
		None
 Auto vars:     Size  Location     Type
  del             2   18[COMRAM] unsigned int 
  tmp             2   16[COMRAM] unsigned int 
  licznik         1   21[COMRAM] unsigned char 
  display         1   20[COMRAM] unsigned char 
 Return value:  Size  Location     Type
                  1    wreg      void 
 Registers used:
		wreg, status,2, status,0, prodl, prodh, cstack
 Tracked objects:
		On entry : 
		On exit  : 
		Unchanged: 
 Data sizes:     COMRAM   BANK0   BANK1   BANK2   BANK3   BANK4   BANK5   BANK6   BANK7   BANK8   BANK9  BANK10  BANK11  BANK12  BANK13  BANK14  BANK15
      Params:         0       0       0       0       0       0       0       0       0       0       0       0       0       0       0       0       0
      Locals:         6       0       0       0       0       0       0       0       0       0       0       0       0       0       0       0       0
      Temps:          2       0       0       0       0       0       0       0       0       0       0       0       0       0       0       0       0
      Totals:         8       0       0       0       0       0       0       0       0       0       0       0       0       0       0       0       0
Total ram usage:        8 bytes
 Hardware stack levels used:    1
 Hardware stack levels required when called:    1
 This function calls:
		___awdiv
		___awmod
		___lwdiv
		_adc
		_delay
 This function is called by:
		_setup
 This function uses a non-reentrant model


 *************** function _delay *****************
 Defined at:
		line 58 in file "main.c"
 Parameters:    Size  Location     Type
  ms              2    0[COMRAM] unsigned int 
 Auto vars:     Size  Location     Type
  i               2    2[COMRAM] unsigned int 
  j               1    4[COMRAM] unsigned char 
 Return value:  Size  Location     Type
                  1    wreg      void 
 Registers used:
		wreg, status,2, status,0
 Tracked objects:
		On entry : 
		On exit  : 
		Unchanged: 
 Data sizes:     COMRAM   BANK0   BANK1   BANK2   BANK3   BANK4   BANK5   BANK6   BANK7   BANK8   BANK9  BANK10  BANK11  BANK12  BANK13  BANK14  BANK15
      Params:         2       0       0       0       0       0       0       0       0       0       0       0       0       0       0       0       0
      Locals:         3       0       0       0       0       0       0       0       0       0       0       0       0       0       0       0       0
      Temps:          0       0       0       0       0       0       0       0       0       0       0       0       0       0       0       0       0
      Totals:         5       0       0       0       0       0       0       0       0       0       0       0       0       0       0       0       0
Total ram usage:        5 bytes
 Hardware stack levels used:    1
 This function calls:
		Nothing
 This function is called by:
		_greyU
		_bcdU
 This function uses a non-reentrant model


 *************** function _adc *****************
 Defined at:
		line 76 in file "main.c"
 Parameters:    Size  Location     Type
  kanal           1    wreg     unsigned char 
 Auto vars:     Size  Location     Type
  kanal           1    6[COMRAM] unsigned char 
 Return value:  Size  Location     Type
                  2    0[COMRAM] unsigned int 
 Registers used:
		wreg, status,2, status,0
 Tracked objects:
		On entry : 
		On exit  : 
		Unchanged: 
 Data sizes:     COMRAM   BANK0   BANK1   BANK2   BANK3   BANK4   BANK5   BANK6   BANK7   BANK8   BANK9  BANK10  BANK11  BANK12  BANK13  BANK14  BANK15
      Params:         2       0       0       0       0       0       0       0       0       0       0       0       0       0       0       0       0
      Locals:         1       0       0       0       0       0       0       0       0       0       0       0       0       0       0       0       0
      Temps:          4       0       0       0       0       0       0       0       0       0       0       0       0       0       0       0       0
      Totals:         7       0       0       0       0       0       0       0       0       0       0       0       0       0       0       0       0
Total ram usage:        7 bytes
 Hardware stack levels used:    1
 This function calls:
		Nothing
 This function is called by:
		_greyU
		_bcdU
 This function uses a non-reentrant model


 *************** function ___lwdiv *****************
 Defined at:
		line 7 in file "/opt/microchip/xc8/v2.05/pic/sources/c99/common/lwdiv.c"
 Parameters:    Size  Location     Type
  dividend        2    7[COMRAM] unsigned int 
  divisor         2    9[COMRAM] unsigned int 
 Auto vars:     Size  Location     Type
  quotient        2   11[COMRAM] unsigned int 
  counter         1   13[COMRAM] unsigned char 
 Return value:  Size  Location     Type
                  2    7[COMRAM] unsigned int 
 Registers used:
		wreg, status,2, status,0
 Tracked objects:
		On entry : 
		On exit  : 
		Unchanged: 
 Data sizes:     COMRAM   BANK0   BANK1   BANK2   BANK3   BANK4   BANK5   BANK6   BANK7   BANK8   BANK9  BANK10  BANK11  BANK12  BANK13  BANK14  BANK15
      Params:         4       0       0       0       0       0       0       0       0       0       0       0       0       0       0       0       0
      Locals:         3       0       0       0       0       0       0       0       0       0       0       0       0       0       0       0       0
      Temps:          0       0       0       0       0       0       0       0       0       0       0       0       0       0       0       0       0
      Totals:         7       0       0       0       0       0       0       0       0       0       0       0       0       0       0       0       0
Total ram usage:        7 bytes
 Hardware stack levels used:    1
 This function calls:
		Nothing
 This function is called by:
		_greyU
		_bcdU
 This function uses a non-reentrant model


 *************** function ___awmod *****************
 Defined at:
		line 7 in file "/opt/microchip/xc8/v2.05/pic/sources/c99/common/awmod.c"
 Parameters:    Size  Location     Type
  dividend        2    0[COMRAM] int 
  divisor         2    2[COMRAM] int 
 Auto vars:     Size  Location     Type
  sign            1    5[COMRAM] unsigned char 
  counter         1    4[COMRAM] unsigned char 
 Return value:  Size  Location     Type
                  2    0[COMRAM] int 
 Registers used:
		wreg, status,2, status,0
 Tracked objects:
		On entry : 
		On exit  : 
		Unchanged: 
 Data sizes:     COMRAM   BANK0   BANK1   BANK2   BANK3   BANK4   BANK5   BANK6   BANK7   BANK8   BANK9  BANK10  BANK11  BANK12  BANK13  BANK14  BANK15
      Params:         4       0       0       0       0       0       0       0       0       0       0       0       0       0       0       0       0
      Locals:         2       0       0       0       0       0       0       0       0       0       0       0       0       0       0       0       0
      Temps:          0       0       0       0       0       0       0       0       0       0       0       0       0       0       0       0       0
      Totals:         6       0       0       0       0       0       0       0       0       0       0       0       0       0       0       0       0
Total ram usage:        6 bytes
 Hardware stack levels used:    1
 This function calls:
		Nothing
 This function is called by:
		_bcdU
 This function uses a non-reentrant model


 *************** function ___awdiv *****************
 Defined at:
		line 7 in file "/opt/microchip/xc8/v2.05/pic/sources/c99/common/awdiv.c"
 Parameters:    Size  Location     Type
  dividend        2    0[COMRAM] int 
  divisor         2    2[COMRAM] int 
 Auto vars:     Size  Location     Type
  quotient        2    6[COMRAM] int 
  sign            1    5[COMRAM] unsigned char 
  counter         1    4[COMRAM] unsigned char 
 Return value:  Size  Location     Type
                  2    0[COMRAM] int 
 Registers used:
		wreg, status,2, status,0
 Tracked objects:
		On entry : 
		On exit  : 
		Unchanged: 
 Data sizes:     COMRAM   BANK0   BANK1   BANK2   BANK3   BANK4   BANK5   BANK6   BANK7   BANK8   BANK9  BANK10  BANK11  BANK12  BANK13  BANK14  BANK15
      Params:         4       0       0       0       0       0       0       0       0       0       0       0       0       0       0       0       0
      Locals:         4       0       0       0       0       0       0       0       0       0       0       0       0       0       0       0       0
      Temps:          0       0       0       0       0       0       0       0       0       0       0       0       0       0       0       0       0
      Totals:         8       0       0       0       0       0       0       0       0       0       0       0       0       0       0       0       0
Total ram usage:        8 bytes
 Hardware stack levels used:    1
 This function calls:
		Nothing
 This function is called by:
		_bcdU
 This function uses a non-reentrant model



MODULE INFORMATION

Module		Function		Class		Link	Load	Size
/opt/microchip/xc8/v2.05/pic/sources/c99/common/Umul16.c
		___wmul        		CODE           	FCB8	0000	39

/opt/microchip/xc8/v2.05/pic/sources/c99/common/Umul16.c estimated size: 39

/opt/microchip/xc8/v2.05/pic/sources/c99/common/awmod.c
		___awmod       		CODE           	FE7E	0000	113

/opt/microchip/xc8/v2.05/pic/sources/c99/common/awmod.c estimated size: 113

shared
		__initialization		CODE           	FC98	0000	1

shared estimated size: 1

/opt/microchip/xc8/v2.05/pic/sources/c99/common/lwdiv.c
		___lwdiv       		CODE           	FD5C	0000	83

/opt/microchip/xc8/v2.05/pic/sources/c99/common/lwdiv.c estimated size: 83

/opt/microchip/xc8/v2.05/pic/sources/c99/common/awdiv.c
		___awdiv       		CODE           	FEEE	0000	133

/opt/microchip/xc8/v2.05/pic/sources/c99/common/awdiv.c estimated size: 133

main.c
		_delay         		CODE           	FCDE	0000	51
		_main          		CODE           	FD10	0000	77
		_adc           		CODE           	FDAE	0000	105
		_setup         		CODE           	FCA2	0000	23
		_bcdU          		CODE           	FF72	0000	143
		_greyU         		CODE           	FE16	0000	105

main.c estimated size: 504

